03/04/2024 08:37:45 PM Request Header: {'User-Agent': 'python-requests/2.31.0', 'Accept-Encoding': 'gzip, deflate', 'Accept': '*/*', 'Connection': 'keep-alive', 'Authorization': 'OAuth realm="",oauth_consumer_key="79a22325849d55ab995c67d9b5df9684",oauth_nonce="3e6712bdcb4d8ef5707a5e066689b87c2cda5fd4",oauth_signature_method="HMAC-SHA1",oauth_timestamp="1709613464",oauth_token="r95%2FNXxADjc0CwFlnx%2BYLKakgyiKhraRuQTMSKJfi6c%3D",oauth_version="1.0",oauth_signature="TZfnLJGmTG8pYA0mmyWCYahwwnM%3D"'}
03/04/2024 08:37:45 PM Request Header: {'User-Agent': 'python-requests/2.31.0', 'Accept-Encoding': 'gzip, deflate', 'Accept': '*/*', 'Connection': 'keep-alive', 'Authorization': 'OAuth realm="",oauth_consumer_key="79a22325849d55ab995c67d9b5df9684",oauth_nonce="3e6712bdcb4d8ef5707a5e066689b87c2cda5fd4",oauth_signature_method="HMAC-SHA1",oauth_timestamp="1709613464",oauth_token="r95%2FNXxADjc0CwFlnx%2BYLKakgyiKhraRuQTMSKJfi6c%3D",oauth_version="1.0",oauth_signature="TZfnLJGmTG8pYA0mmyWCYahwwnM%3D"'}
03/04/2024 08:37:45 PM Request Header: {'User-Agent': 'python-requests/2.31.0', 'Accept-Encoding': 'gzip, deflate', 'Accept': '*/*', 'Connection': 'keep-alive', 'Authorization': 'OAuth realm="",oauth_consumer_key="79a22325849d55ab995c67d9b5df9684",oauth_nonce="3e6712bdcb4d8ef5707a5e066689b87c2cda5fd4",oauth_signature_method="HMAC-SHA1",oauth_timestamp="1709613464",oauth_token="r95%2FNXxADjc0CwFlnx%2BYLKakgyiKhraRuQTMSKJfi6c%3D",oauth_version="1.0",oauth_signature="TZfnLJGmTG8pYA0mmyWCYahwwnM%3D"'}
03/04/2024 08:37:45 PM Request Header: {'User-Agent': 'python-requests/2.31.0', 'Accept-Encoding': 'gzip, deflate', 'Accept': '*/*', 'Connection': 'keep-alive', 'Authorization': 'OAuth realm="",oauth_consumer_key="79a22325849d55ab995c67d9b5df9684",oauth_nonce="3e6712bdcb4d8ef5707a5e066689b87c2cda5fd4",oauth_signature_method="HMAC-SHA1",oauth_timestamp="1709613464",oauth_token="r95%2FNXxADjc0CwFlnx%2BYLKakgyiKhraRuQTMSKJfi6c%3D",oauth_version="1.0",oauth_signature="TZfnLJGmTG8pYA0mmyWCYahwwnM%3D"'}
03/04/2024 08:37:45 PM Response Body: {"Error":{"message":"oauth_problem=consumer_key_rejected,oauth_problem_advice=The oauth_consumer_key 79a22325849d55ab995c67d9b5df9684 can be used only in SANDBOX environment"}}
03/04/2024 08:37:45 PM Response Body: {"Error":{"message":"oauth_problem=consumer_key_rejected,oauth_problem_advice=The oauth_consumer_key 79a22325849d55ab995c67d9b5df9684 can be used only in SANDBOX environment"}}
03/04/2024 08:37:45 PM Response Body: {"Error":{"message":"oauth_problem=consumer_key_rejected,oauth_problem_advice=The oauth_consumer_key 79a22325849d55ab995c67d9b5df9684 can be used only in SANDBOX environment"}}
03/04/2024 08:37:45 PM Response Body: {"Error":{"message":"oauth_problem=consumer_key_rejected,oauth_problem_advice=The oauth_consumer_key 79a22325849d55ab995c67d9b5df9684 can be used only in SANDBOX environment"}}
03/04/2024 08:38:13 PM Request Header: {'User-Agent': 'python-requests/2.31.0', 'Accept-Encoding': 'gzip, deflate', 'Accept': '*/*', 'Connection': 'keep-alive', 'Authorization': 'OAuth realm="",oauth_consumer_key="79a22325849d55ab995c67d9b5df9684",oauth_nonce="20de9ed42c779ddce4380964ce438a11337cd0f7",oauth_signature_method="HMAC-SHA1",oauth_timestamp="1709613492",oauth_token="Wc0DrucvgvVw3grgUCr%2BbfefXM9rW7r53rlAXC8VDn4%3D",oauth_version="1.0",oauth_signature="Pj95nSLAXy%2FYOOfbzGh0r0tEx4c%3D"'}
03/04/2024 08:38:13 PM Request Header: {'User-Agent': 'python-requests/2.31.0', 'Accept-Encoding': 'gzip, deflate', 'Accept': '*/*', 'Connection': 'keep-alive', 'Authorization': 'OAuth realm="",oauth_consumer_key="79a22325849d55ab995c67d9b5df9684",oauth_nonce="20de9ed42c779ddce4380964ce438a11337cd0f7",oauth_signature_method="HMAC-SHA1",oauth_timestamp="1709613492",oauth_token="Wc0DrucvgvVw3grgUCr%2BbfefXM9rW7r53rlAXC8VDn4%3D",oauth_version="1.0",oauth_signature="Pj95nSLAXy%2FYOOfbzGh0r0tEx4c%3D"'}
03/04/2024 08:38:13 PM Request Header: {'User-Agent': 'python-requests/2.31.0', 'Accept-Encoding': 'gzip, deflate', 'Accept': '*/*', 'Connection': 'keep-alive', 'Authorization': 'OAuth realm="",oauth_consumer_key="79a22325849d55ab995c67d9b5df9684",oauth_nonce="20de9ed42c779ddce4380964ce438a11337cd0f7",oauth_signature_method="HMAC-SHA1",oauth_timestamp="1709613492",oauth_token="Wc0DrucvgvVw3grgUCr%2BbfefXM9rW7r53rlAXC8VDn4%3D",oauth_version="1.0",oauth_signature="Pj95nSLAXy%2FYOOfbzGh0r0tEx4c%3D"'}
03/04/2024 08:38:13 PM Request Header: {'User-Agent': 'python-requests/2.31.0', 'Accept-Encoding': 'gzip, deflate', 'Accept': '*/*', 'Connection': 'keep-alive', 'Authorization': 'OAuth realm="",oauth_consumer_key="79a22325849d55ab995c67d9b5df9684",oauth_nonce="20de9ed42c779ddce4380964ce438a11337cd0f7",oauth_signature_method="HMAC-SHA1",oauth_timestamp="1709613492",oauth_token="Wc0DrucvgvVw3grgUCr%2BbfefXM9rW7r53rlAXC8VDn4%3D",oauth_version="1.0",oauth_signature="Pj95nSLAXy%2FYOOfbzGh0r0tEx4c%3D"'}
03/04/2024 08:38:13 PM Response Body: {
    "AccountListResponse": {
        "Accounts": {
            "Account": [
                {
                    "accountDesc": "Brokerage",
                    "accountId": "823145980",
                    "accountIdKey": "dBZOKt9xDrtRSAOl4MSiiA",
                    "accountMode": "IRA",
                    "accountName": "NickName-1",
                    "accountStatus": "ACTIVE",
                    "accountType": "MARGIN",
                    "closedDate": 0,
                    "fcManagedMssbClosedAccount": false,
                    "institutionType": "BROKERAGE",
                    "shareWorksAccount": false
                },
                {
                    "accountDesc": "Complete Savings",
                    "accountId": "583156360",
                    "accountIdKey": "vQMsebA1H5WltUfDkJP48g",
                    "accountMode": "CASH",
                    "accountName": "NickName-2",
                    "accountStatus": "ACTIVE",
                    "accountType": "INDIVIDUAL",
                    "closedDate": 0,
                    "fcManagedMssbClosedAccount": false,
                    "institutionType": "BROKERAGE",
                    "shareWorksAccount": false
                },
                {
                    "accountDesc": "INDIVIDUAL",
                    "accountId": "707004180",
                    "accountIdKey": "6_Dpy0rmuQ9cu9IbTfvF2A",
                    "accountMode": "CASH",
                    "accountName": "NickName-3",
                    "accountStatus": "ACTIVE",
                    "accountType": "INDIVIDUAL",
                    "closedDate": 0,
                    "fcManagedMssbClosedAccount": false,
                    "institutionType": "BROKERAGE",
                    "shareWorksAccount": false
                },
                {
                    "accountDesc": "INDIVIDUAL",
                    "accountId": "835151430",
                    "accountIdKey": "xj1Dc18FTqWPqkEEVUr5rw",
                    "accountMode": "CASH",
                    "accountName": "",
                    "accountStatus": "CLOSED",
                    "accountType": "CASH",
                    "closedDate": 1521027780,
                    "fcManagedMssbClosedAccount": false,
                    "institutionType": "BROKERAGE",
                    "shareWorksAccount": false
                }
            ]
        }
    }
}
03/04/2024 08:38:13 PM Response Body: {
    "AccountListResponse": {
        "Accounts": {
            "Account": [
                {
                    "accountDesc": "Brokerage",
                    "accountId": "823145980",
                    "accountIdKey": "dBZOKt9xDrtRSAOl4MSiiA",
                    "accountMode": "IRA",
                    "accountName": "NickName-1",
                    "accountStatus": "ACTIVE",
                    "accountType": "MARGIN",
                    "closedDate": 0,
                    "fcManagedMssbClosedAccount": false,
                    "institutionType": "BROKERAGE",
                    "shareWorksAccount": false
                },
                {
                    "accountDesc": "Complete Savings",
                    "accountId": "583156360",
                    "accountIdKey": "vQMsebA1H5WltUfDkJP48g",
                    "accountMode": "CASH",
                    "accountName": "NickName-2",
                    "accountStatus": "ACTIVE",
                    "accountType": "INDIVIDUAL",
                    "closedDate": 0,
                    "fcManagedMssbClosedAccount": false,
                    "institutionType": "BROKERAGE",
                    "shareWorksAccount": false
                },
                {
                    "accountDesc": "INDIVIDUAL",
                    "accountId": "707004180",
                    "accountIdKey": "6_Dpy0rmuQ9cu9IbTfvF2A",
                    "accountMode": "CASH",
                    "accountName": "NickName-3",
                    "accountStatus": "ACTIVE",
                    "accountType": "INDIVIDUAL",
                    "closedDate": 0,
                    "fcManagedMssbClosedAccount": false,
                    "institutionType": "BROKERAGE",
                    "shareWorksAccount": false
                },
                {
                    "accountDesc": "INDIVIDUAL",
                    "accountId": "835151430",
                    "accountIdKey": "xj1Dc18FTqWPqkEEVUr5rw",
                    "accountMode": "CASH",
                    "accountName": "",
                    "accountStatus": "CLOSED",
                    "accountType": "CASH",
                    "closedDate": 1521027780,
                    "fcManagedMssbClosedAccount": false,
                    "institutionType": "BROKERAGE",
                    "shareWorksAccount": false
                }
            ]
        }
    }
}
03/04/2024 08:38:13 PM Response Body: {
    "AccountListResponse": {
        "Accounts": {
            "Account": [
                {
                    "accountDesc": "Brokerage",
                    "accountId": "823145980",
                    "accountIdKey": "dBZOKt9xDrtRSAOl4MSiiA",
                    "accountMode": "IRA",
                    "accountName": "NickName-1",
                    "accountStatus": "ACTIVE",
                    "accountType": "MARGIN",
                    "closedDate": 0,
                    "fcManagedMssbClosedAccount": false,
                    "institutionType": "BROKERAGE",
                    "shareWorksAccount": false
                },
                {
                    "accountDesc": "Complete Savings",
                    "accountId": "583156360",
                    "accountIdKey": "vQMsebA1H5WltUfDkJP48g",
                    "accountMode": "CASH",
                    "accountName": "NickName-2",
                    "accountStatus": "ACTIVE",
                    "accountType": "INDIVIDUAL",
                    "closedDate": 0,
                    "fcManagedMssbClosedAccount": false,
                    "institutionType": "BROKERAGE",
                    "shareWorksAccount": false
                },
                {
                    "accountDesc": "INDIVIDUAL",
                    "accountId": "707004180",
                    "accountIdKey": "6_Dpy0rmuQ9cu9IbTfvF2A",
                    "accountMode": "CASH",
                    "accountName": "NickName-3",
                    "accountStatus": "ACTIVE",
                    "accountType": "INDIVIDUAL",
                    "closedDate": 0,
                    "fcManagedMssbClosedAccount": false,
                    "institutionType": "BROKERAGE",
                    "shareWorksAccount": false
                },
                {
                    "accountDesc": "INDIVIDUAL",
                    "accountId": "835151430",
                    "accountIdKey": "xj1Dc18FTqWPqkEEVUr5rw",
                    "accountMode": "CASH",
                    "accountName": "",
                    "accountStatus": "CLOSED",
                    "accountType": "CASH",
                    "closedDate": 1521027780,
                    "fcManagedMssbClosedAccount": false,
                    "institutionType": "BROKERAGE",
                    "shareWorksAccount": false
                }
            ]
        }
    }
}
03/04/2024 08:38:13 PM Response Body: {
    "AccountListResponse": {
        "Accounts": {
            "Account": [
                {
                    "accountDesc": "Brokerage",
                    "accountId": "823145980",
                    "accountIdKey": "dBZOKt9xDrtRSAOl4MSiiA",
                    "accountMode": "IRA",
                    "accountName": "NickName-1",
                    "accountStatus": "ACTIVE",
                    "accountType": "MARGIN",
                    "closedDate": 0,
                    "fcManagedMssbClosedAccount": false,
                    "institutionType": "BROKERAGE",
                    "shareWorksAccount": false
                },
                {
                    "accountDesc": "Complete Savings",
                    "accountId": "583156360",
                    "accountIdKey": "vQMsebA1H5WltUfDkJP48g",
                    "accountMode": "CASH",
                    "accountName": "NickName-2",
                    "accountStatus": "ACTIVE",
                    "accountType": "INDIVIDUAL",
                    "closedDate": 0,
                    "fcManagedMssbClosedAccount": false,
                    "institutionType": "BROKERAGE",
                    "shareWorksAccount": false
                },
                {
                    "accountDesc": "INDIVIDUAL",
                    "accountId": "707004180",
                    "accountIdKey": "6_Dpy0rmuQ9cu9IbTfvF2A",
                    "accountMode": "CASH",
                    "accountName": "NickName-3",
                    "accountStatus": "ACTIVE",
                    "accountType": "INDIVIDUAL",
                    "closedDate": 0,
                    "fcManagedMssbClosedAccount": false,
                    "institutionType": "BROKERAGE",
                    "shareWorksAccount": false
                },
                {
                    "accountDesc": "INDIVIDUAL",
                    "accountId": "835151430",
                    "accountIdKey": "xj1Dc18FTqWPqkEEVUr5rw",
                    "accountMode": "CASH",
                    "accountName": "",
                    "accountStatus": "CLOSED",
                    "accountType": "CASH",
                    "closedDate": 1521027780,
                    "fcManagedMssbClosedAccount": false,
                    "institutionType": "BROKERAGE",
                    "shareWorksAccount": false
                }
            ]
        }
    }
}
03/04/2024 08:38:24 PM Request url: https://apisb.etrade.com/v1/accounts/dBZOKt9xDrtRSAOl4MSiiA/balance.json
03/04/2024 08:38:24 PM Request url: https://apisb.etrade.com/v1/accounts/dBZOKt9xDrtRSAOl4MSiiA/balance.json
03/04/2024 08:38:24 PM Request url: https://apisb.etrade.com/v1/accounts/dBZOKt9xDrtRSAOl4MSiiA/balance.json
03/04/2024 08:38:24 PM Request url: https://apisb.etrade.com/v1/accounts/dBZOKt9xDrtRSAOl4MSiiA/balance.json
03/04/2024 08:38:24 PM Request Header: {'User-Agent': 'python-requests/2.31.0', 'Accept-Encoding': 'gzip, deflate', 'Accept': '*/*', 'Connection': 'keep-alive', 'consumerkey': '79a22325849d55ab995c67d9b5df9684', 'Cookie': 'JSESSIONID=7A5726C4611E8AF440B439E1C844C762.tomcat1', 'Authorization': 'OAuth realm="",oauth_consumer_key="79a22325849d55ab995c67d9b5df9684",oauth_nonce="b5e9393e4e676452d60aa0d7f1be9749f668c199",oauth_signature_method="HMAC-SHA1",oauth_timestamp="1709613504",oauth_token="Wc0DrucvgvVw3grgUCr%2BbfefXM9rW7r53rlAXC8VDn4%3D",oauth_version="1.0",oauth_signature="n%2FDE%2BdCag1eUVb5VMMZ4lnU0W1w%3D"'}
03/04/2024 08:38:24 PM Request Header: {'User-Agent': 'python-requests/2.31.0', 'Accept-Encoding': 'gzip, deflate', 'Accept': '*/*', 'Connection': 'keep-alive', 'consumerkey': '79a22325849d55ab995c67d9b5df9684', 'Cookie': 'JSESSIONID=7A5726C4611E8AF440B439E1C844C762.tomcat1', 'Authorization': 'OAuth realm="",oauth_consumer_key="79a22325849d55ab995c67d9b5df9684",oauth_nonce="b5e9393e4e676452d60aa0d7f1be9749f668c199",oauth_signature_method="HMAC-SHA1",oauth_timestamp="1709613504",oauth_token="Wc0DrucvgvVw3grgUCr%2BbfefXM9rW7r53rlAXC8VDn4%3D",oauth_version="1.0",oauth_signature="n%2FDE%2BdCag1eUVb5VMMZ4lnU0W1w%3D"'}
03/04/2024 08:38:24 PM Request Header: {'User-Agent': 'python-requests/2.31.0', 'Accept-Encoding': 'gzip, deflate', 'Accept': '*/*', 'Connection': 'keep-alive', 'consumerkey': '79a22325849d55ab995c67d9b5df9684', 'Cookie': 'JSESSIONID=7A5726C4611E8AF440B439E1C844C762.tomcat1', 'Authorization': 'OAuth realm="",oauth_consumer_key="79a22325849d55ab995c67d9b5df9684",oauth_nonce="b5e9393e4e676452d60aa0d7f1be9749f668c199",oauth_signature_method="HMAC-SHA1",oauth_timestamp="1709613504",oauth_token="Wc0DrucvgvVw3grgUCr%2BbfefXM9rW7r53rlAXC8VDn4%3D",oauth_version="1.0",oauth_signature="n%2FDE%2BdCag1eUVb5VMMZ4lnU0W1w%3D"'}
03/04/2024 08:38:24 PM Request Header: {'User-Agent': 'python-requests/2.31.0', 'Accept-Encoding': 'gzip, deflate', 'Accept': '*/*', 'Connection': 'keep-alive', 'consumerkey': '79a22325849d55ab995c67d9b5df9684', 'Cookie': 'JSESSIONID=7A5726C4611E8AF440B439E1C844C762.tomcat1', 'Authorization': 'OAuth realm="",oauth_consumer_key="79a22325849d55ab995c67d9b5df9684",oauth_nonce="b5e9393e4e676452d60aa0d7f1be9749f668c199",oauth_signature_method="HMAC-SHA1",oauth_timestamp="1709613504",oauth_token="Wc0DrucvgvVw3grgUCr%2BbfefXM9rW7r53rlAXC8VDn4%3D",oauth_version="1.0",oauth_signature="n%2FDE%2BdCag1eUVb5VMMZ4lnU0W1w%3D"'}
03/04/2024 08:38:24 PM Response Body: {
    "BalanceResponse": {
        "Cash": {
            "fundsForOpenOrdersCash": 0.0,
            "moneyMktBalance": 0.0
        },
        "Computed": {
            "OpenCalls": {
                "cashCall": 0.0
            },
            "RealTimeValues": {
                "netMv": -454.22,
                "netMvLong": 0.0,
                "totalAccountValue": 0.0
            },
            "cashAvailableForInvestment": 0.0,
            "cashAvailableForWithdrawal": 0.0,
            "cashBalance": 0.0,
            "fundsWithheldFromPurchasePower": 0.0,
            "fundsWithheldFromWithdrawal": 0.0,
            "netCash": -740.450013,
            "settledCashForInvestment": 0.0,
            "unSettledCashForInvestment": 0.0
        },
        "accountDescription": "",
        "accountId": "833535350",
        "accountType": "MARGIN",
        "optionLevel": "LEVEL_4"
    }
}
03/04/2024 08:38:24 PM Response Body: {
    "BalanceResponse": {
        "Cash": {
            "fundsForOpenOrdersCash": 0.0,
            "moneyMktBalance": 0.0
        },
        "Computed": {
            "OpenCalls": {
                "cashCall": 0.0
            },
            "RealTimeValues": {
                "netMv": -454.22,
                "netMvLong": 0.0,
                "totalAccountValue": 0.0
            },
            "cashAvailableForInvestment": 0.0,
            "cashAvailableForWithdrawal": 0.0,
            "cashBalance": 0.0,
            "fundsWithheldFromPurchasePower": 0.0,
            "fundsWithheldFromWithdrawal": 0.0,
            "netCash": -740.450013,
            "settledCashForInvestment": 0.0,
            "unSettledCashForInvestment": 0.0
        },
        "accountDescription": "",
        "accountId": "833535350",
        "accountType": "MARGIN",
        "optionLevel": "LEVEL_4"
    }
}
03/04/2024 08:38:24 PM Response Body: {
    "BalanceResponse": {
        "Cash": {
            "fundsForOpenOrdersCash": 0.0,
            "moneyMktBalance": 0.0
        },
        "Computed": {
            "OpenCalls": {
                "cashCall": 0.0
            },
            "RealTimeValues": {
                "netMv": -454.22,
                "netMvLong": 0.0,
                "totalAccountValue": 0.0
            },
            "cashAvailableForInvestment": 0.0,
            "cashAvailableForWithdrawal": 0.0,
            "cashBalance": 0.0,
            "fundsWithheldFromPurchasePower": 0.0,
            "fundsWithheldFromWithdrawal": 0.0,
            "netCash": -740.450013,
            "settledCashForInvestment": 0.0,
            "unSettledCashForInvestment": 0.0
        },
        "accountDescription": "",
        "accountId": "833535350",
        "accountType": "MARGIN",
        "optionLevel": "LEVEL_4"
    }
}
03/04/2024 08:38:24 PM Response Body: {
    "BalanceResponse": {
        "Cash": {
            "fundsForOpenOrdersCash": 0.0,
            "moneyMktBalance": 0.0
        },
        "Computed": {
            "OpenCalls": {
                "cashCall": 0.0
            },
            "RealTimeValues": {
                "netMv": -454.22,
                "netMvLong": 0.0,
                "totalAccountValue": 0.0
            },
            "cashAvailableForInvestment": 0.0,
            "cashAvailableForWithdrawal": 0.0,
            "cashBalance": 0.0,
            "fundsWithheldFromPurchasePower": 0.0,
            "fundsWithheldFromWithdrawal": 0.0,
            "netCash": -740.450013,
            "settledCashForInvestment": 0.0,
            "unSettledCashForInvestment": 0.0
        },
        "accountDescription": "",
        "accountId": "833535350",
        "accountType": "MARGIN",
        "optionLevel": "LEVEL_4"
    }
}
03/04/2024 08:38:38 PM Request Header: {'User-Agent': 'python-requests/2.31.0', 'Accept-Encoding': 'gzip, deflate', 'Accept': '*/*', 'Connection': 'keep-alive', 'Cookie': 'JSESSIONID=7A5726C4611E8AF440B439E1C844C762.tomcat1', 'Authorization': 'OAuth realm="",oauth_consumer_key="79a22325849d55ab995c67d9b5df9684",oauth_nonce="a87113921fedf1a40084308b6dc31552d1264fde",oauth_signature_method="HMAC-SHA1",oauth_timestamp="1709613518",oauth_token="Wc0DrucvgvVw3grgUCr%2BbfefXM9rW7r53rlAXC8VDn4%3D",oauth_version="1.0",oauth_signature="A6i7Wl2JBMpmRM9%2BXWxwu06wBcQ%3D"'}
03/04/2024 08:38:38 PM Request Header: {'User-Agent': 'python-requests/2.31.0', 'Accept-Encoding': 'gzip, deflate', 'Accept': '*/*', 'Connection': 'keep-alive', 'Cookie': 'JSESSIONID=7A5726C4611E8AF440B439E1C844C762.tomcat1', 'Authorization': 'OAuth realm="",oauth_consumer_key="79a22325849d55ab995c67d9b5df9684",oauth_nonce="a87113921fedf1a40084308b6dc31552d1264fde",oauth_signature_method="HMAC-SHA1",oauth_timestamp="1709613518",oauth_token="Wc0DrucvgvVw3grgUCr%2BbfefXM9rW7r53rlAXC8VDn4%3D",oauth_version="1.0",oauth_signature="A6i7Wl2JBMpmRM9%2BXWxwu06wBcQ%3D"'}
03/04/2024 08:38:38 PM Request Header: {'User-Agent': 'python-requests/2.31.0', 'Accept-Encoding': 'gzip, deflate', 'Accept': '*/*', 'Connection': 'keep-alive', 'Cookie': 'JSESSIONID=7A5726C4611E8AF440B439E1C844C762.tomcat1', 'Authorization': 'OAuth realm="",oauth_consumer_key="79a22325849d55ab995c67d9b5df9684",oauth_nonce="a87113921fedf1a40084308b6dc31552d1264fde",oauth_signature_method="HMAC-SHA1",oauth_timestamp="1709613518",oauth_token="Wc0DrucvgvVw3grgUCr%2BbfefXM9rW7r53rlAXC8VDn4%3D",oauth_version="1.0",oauth_signature="A6i7Wl2JBMpmRM9%2BXWxwu06wBcQ%3D"'}
03/04/2024 08:38:38 PM Request Header: {'User-Agent': 'python-requests/2.31.0', 'Accept-Encoding': 'gzip, deflate', 'Accept': '*/*', 'Connection': 'keep-alive', 'Cookie': 'JSESSIONID=7A5726C4611E8AF440B439E1C844C762.tomcat1', 'Authorization': 'OAuth realm="",oauth_consumer_key="79a22325849d55ab995c67d9b5df9684",oauth_nonce="a87113921fedf1a40084308b6dc31552d1264fde",oauth_signature_method="HMAC-SHA1",oauth_timestamp="1709613518",oauth_token="Wc0DrucvgvVw3grgUCr%2BbfefXM9rW7r53rlAXC8VDn4%3D",oauth_version="1.0",oauth_signature="A6i7Wl2JBMpmRM9%2BXWxwu06wBcQ%3D"'}
03/04/2024 08:38:38 PM Response Body: {
    "PortfolioResponse": {
        "AccountPortfolio": [
            {
                "Position": [
                    {
                        "Product": {
                            "expiryDay": 0,
                            "expiryMonth": 0,
                            "expiryYear": 0,
                            "productId": {
                                "symbol": "BR"
                            },
                            "securityType": "EQ",
                            "strikePrice": 0,
                            "symbol": "BR"
                        },
                        "Quick": {
                            "change": -0.28,
                            "changePct": -1.3346,
                            "lastTrade": 20.7,
                            "lastTradeTime": 1343160240,
                            "volume": 431591
                        },
                        "commissions": 0,
                        "costPerShare": 0,
                        "dateAcquired": -57600000,
                        "daysGain": -2.7999,
                        "daysGainPct": -1.3346,
                        "lotsDetails": "https://apisb.etrade.com/v1/accounts/E5Nd4LJBsEi_UyHm4Vio9g/portfolio/27005131",
                        "marketValue": 207,
                        "otherFees": 0,
                        "pctOfPortfolio": 0.0018,
                        "positionId": 27005131,
                        "positionIndicator": "TYPE2",
                        "positionType": "LONG",
                        "pricePaid": 0,
                        "quantity": 10,
                        "quoteDetails": "https://apisb.etrade.com/v1/market/quote/BR",
                        "symbolDescription": "BR",
                        "todayCommissions": 0,
                        "todayFees": 0,
                        "todayPricePaid": 0,
                        "todayQuantity": 0,
                        "totalCost": 0,
                        "totalGain": 207,
                        "totalGainPct": 0
                    },
                    {
                        "Product": {
                            "expiryDay": 0,
                            "expiryMonth": 0,
                            "expiryYear": 0,
                            "productId": {
                                "symbol": "GLD"
                            },
                            "securityType": "EQ",
                            "strikePrice": 0,
                            "symbol": "GLD"
                        },
                        "Quick": {
                            "change": 0.49,
                            "changePct": 0.3201,
                            "lastTrade": 153.52,
                            "lastTradeTime": 1343160000,
                            "volume": 6510878
                        },
                        "commissions": 5,
                        "costPerShare": 3.5,
                        "dateAcquired": 1335250800000,
                        "daysGain": 0.9799,
                        "daysGainPct": 0.3201,
                        "lotsDetails": "https://apisb.etrade.com/v1/accounts/E5Nd4LJBsEi_UyHm4Vio9g/portfolio/4709131",
                        "marketValue": 307.04,
                        "otherFees": 0,
                        "pctOfPortfolio": 0.0028,
                        "positionId": 4709131,
                        "positionIndicator": "TYPE1",
                        "positionType": "LONG",
                        "pricePaid": 1,
                        "quantity": 2,
                        "quoteDetails": "https://apisb.etrade.com/v1/market/quote/GLD",
                        "symbolDescription": "GLD",
                        "todayCommissions": 0,
                        "todayFees": 0,
                        "todayPricePaid": 0,
                        "todayQuantity": 0,
                        "totalCost": 7,
                        "totalGain": 300.04,
                        "totalGainPct": 4286.2857
                    },
                    {
                        "Product": {
                            "expiryDay": 0,
                            "expiryMonth": 0,
                            "expiryYear": 0,
                            "productId": {
                                "symbol": "MSFT"
                            },
                            "securityType": "EQ",
                            "strikePrice": 0,
                            "symbol": "MSFT"
                        },
                        "Quick": {
                            "change": -0.13,
                            "changePct": -0.4439,
                            "lastTrade": 29.15,
                            "lastTradeTime": 1343160000,
                            "volume": 47711254
                        },
                        "commissions": 5,
                        "costPerShare": 6,
                        "dateAcquired": 1335250800000,
                        "daysGain": -0.13,
                        "daysGainPct": -0.4439,
                        "lotsDetails": "https://apisb.etrade.com/v1/accounts/E5Nd4LJBsEi_UyHm4Vio9g/portfolio/4729131",
                        "marketValue": 29.1499,
                        "otherFees": 0,
                        "pctOfPortfolio": 0.0002,
                        "positionId": 4729131,
                        "positionIndicator": "TYPE2",
                        "positionType": "LONG",
                        "pricePaid": 1,
                        "quantity": 1,
                        "quoteDetails": "https://apisb.etrade.com/v1/market/quote/MSFT",
                        "symbolDescription": "MSFT",
                        "todayCommissions": 0,
                        "todayFees": 0,
                        "todayPricePaid": 0,
                        "todayQuantity": 0,
                        "totalCost": 6,
                        "totalGain": 23.1499,
                        "totalGainPct": 385.8333
                    },
                    {
                        "Product": {
                            "expiryDay": 0,
                            "expiryMonth": 0,
                            "expiryYear": 0,
                            "productId": {
                                "symbol": "MSFT"
                            },
                            "securityType": "EQ",
                            "strikePrice": 0,
                            "symbol": "MSFT"
                        },
                        "Quick": {
                            "change": -0.13,
                            "changePct": -0.4439,
                            "lastTrade": 29.15,
                            "lastTradeTime": 1343160000,
                            "volume": 47711254
                        },
                        "commissions": 0,
                        "costPerShare": 0,
                        "dateAcquired": -57600000,
                        "daysGain": 1.3,
                        "daysGainPct": -0.4439,
                        "lotsDetails": "https://apisb.etrade.com/v1/accounts/E5Nd4LJBsEi_UyHm4Vio9g/portfolio/23971131",
                        "marketValue": -291.5,
                        "otherFees": 0,
                        "pctOfPortfolio": -0.0026,
                        "positionId": 23971131,
                        "positionIndicator": "TYPE5",
                        "positionType": "SHORT",
                        "pricePaid": 0,
                        "quantity": -10,
                        "quoteDetails": "https://apisb.etrade.com/v1/market/quote/MSFT",
                        "symbolDescription": "MSFT",
                        "todayCommissions": 0,
                        "todayFees": 0,
                        "todayPricePaid": 0,
                        "todayQuantity": 0,
                        "totalCost": 0,
                        "totalGain": -291.5,
                        "totalGainPct": 0
                    },
                    {
                        "Product": {
                            "expiryDay": 0,
                            "expiryMonth": 0,
                            "expiryYear": 0,
                            "productId": {
                                "symbol": "RBL"
                            },
                            "securityType": "EQ",
                            "strikePrice": 0,
                            "symbol": "RBL"
                        },
                        "Quick": {
                            "change": -0.26,
                            "changePct": -1.0252,
                            "lastTrade": 25.1,
                            "lastTradeTime": 1343159760,
                            "volume": 11827
                        },
                        "commissions": 5,
                        "costPerShare": 3.5,
                        "dateAcquired": 1335250800000,
                        "daysGain": -0.52,
                        "daysGainPct": -1.0252,
                        "lotsDetails": "https://apisb.etrade.com/v1/accounts/E5Nd4LJBsEi_UyHm4Vio9g/portfolio/4725131",
                        "marketValue": 50.2,
                        "otherFees": 0,
                        "pctOfPortfolio": 0.0004,
                        "positionId": 4725131,
                        "positionIndicator": "TYPE2",
                        "positionType": "LONG",
                        "pricePaid": 1,
                        "quantity": 2,
                        "quoteDetails": "https://apisb.etrade.com/v1/market/quote/RBL",
                        "symbolDescription": "RBL",
                        "todayCommissions": 0,
                        "todayFees": 0,
                        "todayPricePaid": 0,
                        "todayQuantity": 0,
                        "totalCost": 7,
                        "totalGain": 43.2,
                        "totalGainPct": 617.1428
                    },
                    {
                        "Product": {
                            "expiryDay": 0,
                            "expiryMonth": 0,
                            "expiryYear": 0,
                            "productId": {
                                "symbol": "RPI"
                            },
                            "securityType": "EQ",
                            "strikePrice": 0,
                            "symbol": "RPI"
                        },
                        "Quick": {
                            "change": 0,
                            "changePct": 0,
                            "lastTrade": 1.43,
                            "lastTradeTime": 1343150700,
                            "volume": 1803
                        },
                        "commissions": 5,
                        "costPerShare": 32.56,
                        "dateAcquired": 1335250800000,
                        "daysGain": 0,
                        "daysGainPct": 0,
                        "lotsDetails": "https://apisb.etrade.com/v1/accounts/E5Nd4LJBsEi_UyHm4Vio9g/portfolio/20841131",
                        "marketValue": 2.8599,
                        "otherFees": 45,
                        "pctOfPortfolio": 0.0,
                        "positionId": 20841131,
                        "positionIndicator": "TYPE2",
                        "positionType": "LONG",
                        "pricePaid": 7.5599,
                        "quantity": 2,
                        "quoteDetails": "https://apisb.etrade.com/v1/market/quote/RPI",
                        "symbolDescription": "RPI",
                        "todayCommissions": 0,
                        "todayFees": 0,
                        "todayPricePaid": 0,
                        "todayQuantity": 0,
                        "totalCost": 65.12,
                        "totalGain": -62.2599,
                        "totalGainPct": -95.6081
                    },
                    {
                        "Product": {
                            "expiryDay": 0,
                            "expiryMonth": 0,
                            "expiryYear": 0,
                            "productId": {
                                "symbol": "RXD"
                            },
                            "securityType": "EQ",
                            "strikePrice": 0,
                            "symbol": "RXD"
                        },
                        "Quick": {
                            "change": 0.432,
                            "changePct": 2.6799,
                            "lastTrade": 16.552,
                            "lastTradeTime": 1343157480,
                            "volume": 2200
                        },
                        "commissions": 2.99,
                        "costPerShare": 0,
                        "dateAcquired": 1335250800000,
                        "daysGain": -1.296,
                        "daysGainPct": 2.6799,
                        "lotsDetails": "https://apisb.etrade.com/v1/accounts/E5Nd4LJBsEi_UyHm4Vio9g/portfolio/4732131",
                        "marketValue": -49.6559,
                        "otherFees": 0.0099,
                        "pctOfPortfolio": -0.0004,
                        "positionId": 4732131,
                        "positionIndicator": "TYPE5",
                        "positionType": "SHORT",
                        "pricePaid": 1,
                        "quantity": -3,
                        "quoteDetails": "https://apisb.etrade.com/v1/market/quote/RXD",
                        "symbolDescription": "RXD",
                        "todayCommissions": 0,
                        "todayFees": 0,
                        "todayPricePaid": 0,
                        "todayQuantity": 0,
                        "totalCost": 0,
                        "totalGain": -49.6559,
                        "totalGainPct": -827.6
                    }
                ],
                "accountId": "833597000",
                "totalPages": 1
            }
        ]
    }
}
03/04/2024 08:38:38 PM Response Body: {
    "PortfolioResponse": {
        "AccountPortfolio": [
            {
                "Position": [
                    {
                        "Product": {
                            "expiryDay": 0,
                            "expiryMonth": 0,
                            "expiryYear": 0,
                            "productId": {
                                "symbol": "BR"
                            },
                            "securityType": "EQ",
                            "strikePrice": 0,
                            "symbol": "BR"
                        },
                        "Quick": {
                            "change": -0.28,
                            "changePct": -1.3346,
                            "lastTrade": 20.7,
                            "lastTradeTime": 1343160240,
                            "volume": 431591
                        },
                        "commissions": 0,
                        "costPerShare": 0,
                        "dateAcquired": -57600000,
                        "daysGain": -2.7999,
                        "daysGainPct": -1.3346,
                        "lotsDetails": "https://apisb.etrade.com/v1/accounts/E5Nd4LJBsEi_UyHm4Vio9g/portfolio/27005131",
                        "marketValue": 207,
                        "otherFees": 0,
                        "pctOfPortfolio": 0.0018,
                        "positionId": 27005131,
                        "positionIndicator": "TYPE2",
                        "positionType": "LONG",
                        "pricePaid": 0,
                        "quantity": 10,
                        "quoteDetails": "https://apisb.etrade.com/v1/market/quote/BR",
                        "symbolDescription": "BR",
                        "todayCommissions": 0,
                        "todayFees": 0,
                        "todayPricePaid": 0,
                        "todayQuantity": 0,
                        "totalCost": 0,
                        "totalGain": 207,
                        "totalGainPct": 0
                    },
                    {
                        "Product": {
                            "expiryDay": 0,
                            "expiryMonth": 0,
                            "expiryYear": 0,
                            "productId": {
                                "symbol": "GLD"
                            },
                            "securityType": "EQ",
                            "strikePrice": 0,
                            "symbol": "GLD"
                        },
                        "Quick": {
                            "change": 0.49,
                            "changePct": 0.3201,
                            "lastTrade": 153.52,
                            "lastTradeTime": 1343160000,
                            "volume": 6510878
                        },
                        "commissions": 5,
                        "costPerShare": 3.5,
                        "dateAcquired": 1335250800000,
                        "daysGain": 0.9799,
                        "daysGainPct": 0.3201,
                        "lotsDetails": "https://apisb.etrade.com/v1/accounts/E5Nd4LJBsEi_UyHm4Vio9g/portfolio/4709131",
                        "marketValue": 307.04,
                        "otherFees": 0,
                        "pctOfPortfolio": 0.0028,
                        "positionId": 4709131,
                        "positionIndicator": "TYPE1",
                        "positionType": "LONG",
                        "pricePaid": 1,
                        "quantity": 2,
                        "quoteDetails": "https://apisb.etrade.com/v1/market/quote/GLD",
                        "symbolDescription": "GLD",
                        "todayCommissions": 0,
                        "todayFees": 0,
                        "todayPricePaid": 0,
                        "todayQuantity": 0,
                        "totalCost": 7,
                        "totalGain": 300.04,
                        "totalGainPct": 4286.2857
                    },
                    {
                        "Product": {
                            "expiryDay": 0,
                            "expiryMonth": 0,
                            "expiryYear": 0,
                            "productId": {
                                "symbol": "MSFT"
                            },
                            "securityType": "EQ",
                            "strikePrice": 0,
                            "symbol": "MSFT"
                        },
                        "Quick": {
                            "change": -0.13,
                            "changePct": -0.4439,
                            "lastTrade": 29.15,
                            "lastTradeTime": 1343160000,
                            "volume": 47711254
                        },
                        "commissions": 5,
                        "costPerShare": 6,
                        "dateAcquired": 1335250800000,
                        "daysGain": -0.13,
                        "daysGainPct": -0.4439,
                        "lotsDetails": "https://apisb.etrade.com/v1/accounts/E5Nd4LJBsEi_UyHm4Vio9g/portfolio/4729131",
                        "marketValue": 29.1499,
                        "otherFees": 0,
                        "pctOfPortfolio": 0.0002,
                        "positionId": 4729131,
                        "positionIndicator": "TYPE2",
                        "positionType": "LONG",
                        "pricePaid": 1,
                        "quantity": 1,
                        "quoteDetails": "https://apisb.etrade.com/v1/market/quote/MSFT",
                        "symbolDescription": "MSFT",
                        "todayCommissions": 0,
                        "todayFees": 0,
                        "todayPricePaid": 0,
                        "todayQuantity": 0,
                        "totalCost": 6,
                        "totalGain": 23.1499,
                        "totalGainPct": 385.8333
                    },
                    {
                        "Product": {
                            "expiryDay": 0,
                            "expiryMonth": 0,
                            "expiryYear": 0,
                            "productId": {
                                "symbol": "MSFT"
                            },
                            "securityType": "EQ",
                            "strikePrice": 0,
                            "symbol": "MSFT"
                        },
                        "Quick": {
                            "change": -0.13,
                            "changePct": -0.4439,
                            "lastTrade": 29.15,
                            "lastTradeTime": 1343160000,
                            "volume": 47711254
                        },
                        "commissions": 0,
                        "costPerShare": 0,
                        "dateAcquired": -57600000,
                        "daysGain": 1.3,
                        "daysGainPct": -0.4439,
                        "lotsDetails": "https://apisb.etrade.com/v1/accounts/E5Nd4LJBsEi_UyHm4Vio9g/portfolio/23971131",
                        "marketValue": -291.5,
                        "otherFees": 0,
                        "pctOfPortfolio": -0.0026,
                        "positionId": 23971131,
                        "positionIndicator": "TYPE5",
                        "positionType": "SHORT",
                        "pricePaid": 0,
                        "quantity": -10,
                        "quoteDetails": "https://apisb.etrade.com/v1/market/quote/MSFT",
                        "symbolDescription": "MSFT",
                        "todayCommissions": 0,
                        "todayFees": 0,
                        "todayPricePaid": 0,
                        "todayQuantity": 0,
                        "totalCost": 0,
                        "totalGain": -291.5,
                        "totalGainPct": 0
                    },
                    {
                        "Product": {
                            "expiryDay": 0,
                            "expiryMonth": 0,
                            "expiryYear": 0,
                            "productId": {
                                "symbol": "RBL"
                            },
                            "securityType": "EQ",
                            "strikePrice": 0,
                            "symbol": "RBL"
                        },
                        "Quick": {
                            "change": -0.26,
                            "changePct": -1.0252,
                            "lastTrade": 25.1,
                            "lastTradeTime": 1343159760,
                            "volume": 11827
                        },
                        "commissions": 5,
                        "costPerShare": 3.5,
                        "dateAcquired": 1335250800000,
                        "daysGain": -0.52,
                        "daysGainPct": -1.0252,
                        "lotsDetails": "https://apisb.etrade.com/v1/accounts/E5Nd4LJBsEi_UyHm4Vio9g/portfolio/4725131",
                        "marketValue": 50.2,
                        "otherFees": 0,
                        "pctOfPortfolio": 0.0004,
                        "positionId": 4725131,
                        "positionIndicator": "TYPE2",
                        "positionType": "LONG",
                        "pricePaid": 1,
                        "quantity": 2,
                        "quoteDetails": "https://apisb.etrade.com/v1/market/quote/RBL",
                        "symbolDescription": "RBL",
                        "todayCommissions": 0,
                        "todayFees": 0,
                        "todayPricePaid": 0,
                        "todayQuantity": 0,
                        "totalCost": 7,
                        "totalGain": 43.2,
                        "totalGainPct": 617.1428
                    },
                    {
                        "Product": {
                            "expiryDay": 0,
                            "expiryMonth": 0,
                            "expiryYear": 0,
                            "productId": {
                                "symbol": "RPI"
                            },
                            "securityType": "EQ",
                            "strikePrice": 0,
                            "symbol": "RPI"
                        },
                        "Quick": {
                            "change": 0,
                            "changePct": 0,
                            "lastTrade": 1.43,
                            "lastTradeTime": 1343150700,
                            "volume": 1803
                        },
                        "commissions": 5,
                        "costPerShare": 32.56,
                        "dateAcquired": 1335250800000,
                        "daysGain": 0,
                        "daysGainPct": 0,
                        "lotsDetails": "https://apisb.etrade.com/v1/accounts/E5Nd4LJBsEi_UyHm4Vio9g/portfolio/20841131",
                        "marketValue": 2.8599,
                        "otherFees": 45,
                        "pctOfPortfolio": 0.0,
                        "positionId": 20841131,
                        "positionIndicator": "TYPE2",
                        "positionType": "LONG",
                        "pricePaid": 7.5599,
                        "quantity": 2,
                        "quoteDetails": "https://apisb.etrade.com/v1/market/quote/RPI",
                        "symbolDescription": "RPI",
                        "todayCommissions": 0,
                        "todayFees": 0,
                        "todayPricePaid": 0,
                        "todayQuantity": 0,
                        "totalCost": 65.12,
                        "totalGain": -62.2599,
                        "totalGainPct": -95.6081
                    },
                    {
                        "Product": {
                            "expiryDay": 0,
                            "expiryMonth": 0,
                            "expiryYear": 0,
                            "productId": {
                                "symbol": "RXD"
                            },
                            "securityType": "EQ",
                            "strikePrice": 0,
                            "symbol": "RXD"
                        },
                        "Quick": {
                            "change": 0.432,
                            "changePct": 2.6799,
                            "lastTrade": 16.552,
                            "lastTradeTime": 1343157480,
                            "volume": 2200
                        },
                        "commissions": 2.99,
                        "costPerShare": 0,
                        "dateAcquired": 1335250800000,
                        "daysGain": -1.296,
                        "daysGainPct": 2.6799,
                        "lotsDetails": "https://apisb.etrade.com/v1/accounts/E5Nd4LJBsEi_UyHm4Vio9g/portfolio/4732131",
                        "marketValue": -49.6559,
                        "otherFees": 0.0099,
                        "pctOfPortfolio": -0.0004,
                        "positionId": 4732131,
                        "positionIndicator": "TYPE5",
                        "positionType": "SHORT",
                        "pricePaid": 1,
                        "quantity": -3,
                        "quoteDetails": "https://apisb.etrade.com/v1/market/quote/RXD",
                        "symbolDescription": "RXD",
                        "todayCommissions": 0,
                        "todayFees": 0,
                        "todayPricePaid": 0,
                        "todayQuantity": 0,
                        "totalCost": 0,
                        "totalGain": -49.6559,
                        "totalGainPct": -827.6
                    }
                ],
                "accountId": "833597000",
                "totalPages": 1
            }
        ]
    }
}
03/04/2024 08:38:38 PM Response Body: {
    "PortfolioResponse": {
        "AccountPortfolio": [
            {
                "Position": [
                    {
                        "Product": {
                            "expiryDay": 0,
                            "expiryMonth": 0,
                            "expiryYear": 0,
                            "productId": {
                                "symbol": "BR"
                            },
                            "securityType": "EQ",
                            "strikePrice": 0,
                            "symbol": "BR"
                        },
                        "Quick": {
                            "change": -0.28,
                            "changePct": -1.3346,
                            "lastTrade": 20.7,
                            "lastTradeTime": 1343160240,
                            "volume": 431591
                        },
                        "commissions": 0,
                        "costPerShare": 0,
                        "dateAcquired": -57600000,
                        "daysGain": -2.7999,
                        "daysGainPct": -1.3346,
                        "lotsDetails": "https://apisb.etrade.com/v1/accounts/E5Nd4LJBsEi_UyHm4Vio9g/portfolio/27005131",
                        "marketValue": 207,
                        "otherFees": 0,
                        "pctOfPortfolio": 0.0018,
                        "positionId": 27005131,
                        "positionIndicator": "TYPE2",
                        "positionType": "LONG",
                        "pricePaid": 0,
                        "quantity": 10,
                        "quoteDetails": "https://apisb.etrade.com/v1/market/quote/BR",
                        "symbolDescription": "BR",
                        "todayCommissions": 0,
                        "todayFees": 0,
                        "todayPricePaid": 0,
                        "todayQuantity": 0,
                        "totalCost": 0,
                        "totalGain": 207,
                        "totalGainPct": 0
                    },
                    {
                        "Product": {
                            "expiryDay": 0,
                            "expiryMonth": 0,
                            "expiryYear": 0,
                            "productId": {
                                "symbol": "GLD"
                            },
                            "securityType": "EQ",
                            "strikePrice": 0,
                            "symbol": "GLD"
                        },
                        "Quick": {
                            "change": 0.49,
                            "changePct": 0.3201,
                            "lastTrade": 153.52,
                            "lastTradeTime": 1343160000,
                            "volume": 6510878
                        },
                        "commissions": 5,
                        "costPerShare": 3.5,
                        "dateAcquired": 1335250800000,
                        "daysGain": 0.9799,
                        "daysGainPct": 0.3201,
                        "lotsDetails": "https://apisb.etrade.com/v1/accounts/E5Nd4LJBsEi_UyHm4Vio9g/portfolio/4709131",
                        "marketValue": 307.04,
                        "otherFees": 0,
                        "pctOfPortfolio": 0.0028,
                        "positionId": 4709131,
                        "positionIndicator": "TYPE1",
                        "positionType": "LONG",
                        "pricePaid": 1,
                        "quantity": 2,
                        "quoteDetails": "https://apisb.etrade.com/v1/market/quote/GLD",
                        "symbolDescription": "GLD",
                        "todayCommissions": 0,
                        "todayFees": 0,
                        "todayPricePaid": 0,
                        "todayQuantity": 0,
                        "totalCost": 7,
                        "totalGain": 300.04,
                        "totalGainPct": 4286.2857
                    },
                    {
                        "Product": {
                            "expiryDay": 0,
                            "expiryMonth": 0,
                            "expiryYear": 0,
                            "productId": {
                                "symbol": "MSFT"
                            },
                            "securityType": "EQ",
                            "strikePrice": 0,
                            "symbol": "MSFT"
                        },
                        "Quick": {
                            "change": -0.13,
                            "changePct": -0.4439,
                            "lastTrade": 29.15,
                            "lastTradeTime": 1343160000,
                            "volume": 47711254
                        },
                        "commissions": 5,
                        "costPerShare": 6,
                        "dateAcquired": 1335250800000,
                        "daysGain": -0.13,
                        "daysGainPct": -0.4439,
                        "lotsDetails": "https://apisb.etrade.com/v1/accounts/E5Nd4LJBsEi_UyHm4Vio9g/portfolio/4729131",
                        "marketValue": 29.1499,
                        "otherFees": 0,
                        "pctOfPortfolio": 0.0002,
                        "positionId": 4729131,
                        "positionIndicator": "TYPE2",
                        "positionType": "LONG",
                        "pricePaid": 1,
                        "quantity": 1,
                        "quoteDetails": "https://apisb.etrade.com/v1/market/quote/MSFT",
                        "symbolDescription": "MSFT",
                        "todayCommissions": 0,
                        "todayFees": 0,
                        "todayPricePaid": 0,
                        "todayQuantity": 0,
                        "totalCost": 6,
                        "totalGain": 23.1499,
                        "totalGainPct": 385.8333
                    },
                    {
                        "Product": {
                            "expiryDay": 0,
                            "expiryMonth": 0,
                            "expiryYear": 0,
                            "productId": {
                                "symbol": "MSFT"
                            },
                            "securityType": "EQ",
                            "strikePrice": 0,
                            "symbol": "MSFT"
                        },
                        "Quick": {
                            "change": -0.13,
                            "changePct": -0.4439,
                            "lastTrade": 29.15,
                            "lastTradeTime": 1343160000,
                            "volume": 47711254
                        },
                        "commissions": 0,
                        "costPerShare": 0,
                        "dateAcquired": -57600000,
                        "daysGain": 1.3,
                        "daysGainPct": -0.4439,
                        "lotsDetails": "https://apisb.etrade.com/v1/accounts/E5Nd4LJBsEi_UyHm4Vio9g/portfolio/23971131",
                        "marketValue": -291.5,
                        "otherFees": 0,
                        "pctOfPortfolio": -0.0026,
                        "positionId": 23971131,
                        "positionIndicator": "TYPE5",
                        "positionType": "SHORT",
                        "pricePaid": 0,
                        "quantity": -10,
                        "quoteDetails": "https://apisb.etrade.com/v1/market/quote/MSFT",
                        "symbolDescription": "MSFT",
                        "todayCommissions": 0,
                        "todayFees": 0,
                        "todayPricePaid": 0,
                        "todayQuantity": 0,
                        "totalCost": 0,
                        "totalGain": -291.5,
                        "totalGainPct": 0
                    },
                    {
                        "Product": {
                            "expiryDay": 0,
                            "expiryMonth": 0,
                            "expiryYear": 0,
                            "productId": {
                                "symbol": "RBL"
                            },
                            "securityType": "EQ",
                            "strikePrice": 0,
                            "symbol": "RBL"
                        },
                        "Quick": {
                            "change": -0.26,
                            "changePct": -1.0252,
                            "lastTrade": 25.1,
                            "lastTradeTime": 1343159760,
                            "volume": 11827
                        },
                        "commissions": 5,
                        "costPerShare": 3.5,
                        "dateAcquired": 1335250800000,
                        "daysGain": -0.52,
                        "daysGainPct": -1.0252,
                        "lotsDetails": "https://apisb.etrade.com/v1/accounts/E5Nd4LJBsEi_UyHm4Vio9g/portfolio/4725131",
                        "marketValue": 50.2,
                        "otherFees": 0,
                        "pctOfPortfolio": 0.0004,
                        "positionId": 4725131,
                        "positionIndicator": "TYPE2",
                        "positionType": "LONG",
                        "pricePaid": 1,
                        "quantity": 2,
                        "quoteDetails": "https://apisb.etrade.com/v1/market/quote/RBL",
                        "symbolDescription": "RBL",
                        "todayCommissions": 0,
                        "todayFees": 0,
                        "todayPricePaid": 0,
                        "todayQuantity": 0,
                        "totalCost": 7,
                        "totalGain": 43.2,
                        "totalGainPct": 617.1428
                    },
                    {
                        "Product": {
                            "expiryDay": 0,
                            "expiryMonth": 0,
                            "expiryYear": 0,
                            "productId": {
                                "symbol": "RPI"
                            },
                            "securityType": "EQ",
                            "strikePrice": 0,
                            "symbol": "RPI"
                        },
                        "Quick": {
                            "change": 0,
                            "changePct": 0,
                            "lastTrade": 1.43,
                            "lastTradeTime": 1343150700,
                            "volume": 1803
                        },
                        "commissions": 5,
                        "costPerShare": 32.56,
                        "dateAcquired": 1335250800000,
                        "daysGain": 0,
                        "daysGainPct": 0,
                        "lotsDetails": "https://apisb.etrade.com/v1/accounts/E5Nd4LJBsEi_UyHm4Vio9g/portfolio/20841131",
                        "marketValue": 2.8599,
                        "otherFees": 45,
                        "pctOfPortfolio": 0.0,
                        "positionId": 20841131,
                        "positionIndicator": "TYPE2",
                        "positionType": "LONG",
                        "pricePaid": 7.5599,
                        "quantity": 2,
                        "quoteDetails": "https://apisb.etrade.com/v1/market/quote/RPI",
                        "symbolDescription": "RPI",
                        "todayCommissions": 0,
                        "todayFees": 0,
                        "todayPricePaid": 0,
                        "todayQuantity": 0,
                        "totalCost": 65.12,
                        "totalGain": -62.2599,
                        "totalGainPct": -95.6081
                    },
                    {
                        "Product": {
                            "expiryDay": 0,
                            "expiryMonth": 0,
                            "expiryYear": 0,
                            "productId": {
                                "symbol": "RXD"
                            },
                            "securityType": "EQ",
                            "strikePrice": 0,
                            "symbol": "RXD"
                        },
                        "Quick": {
                            "change": 0.432,
                            "changePct": 2.6799,
                            "lastTrade": 16.552,
                            "lastTradeTime": 1343157480,
                            "volume": 2200
                        },
                        "commissions": 2.99,
                        "costPerShare": 0,
                        "dateAcquired": 1335250800000,
                        "daysGain": -1.296,
                        "daysGainPct": 2.6799,
                        "lotsDetails": "https://apisb.etrade.com/v1/accounts/E5Nd4LJBsEi_UyHm4Vio9g/portfolio/4732131",
                        "marketValue": -49.6559,
                        "otherFees": 0.0099,
                        "pctOfPortfolio": -0.0004,
                        "positionId": 4732131,
                        "positionIndicator": "TYPE5",
                        "positionType": "SHORT",
                        "pricePaid": 1,
                        "quantity": -3,
                        "quoteDetails": "https://apisb.etrade.com/v1/market/quote/RXD",
                        "symbolDescription": "RXD",
                        "todayCommissions": 0,
                        "todayFees": 0,
                        "todayPricePaid": 0,
                        "todayQuantity": 0,
                        "totalCost": 0,
                        "totalGain": -49.6559,
                        "totalGainPct": -827.6
                    }
                ],
                "accountId": "833597000",
                "totalPages": 1
            }
        ]
    }
}
03/04/2024 08:38:38 PM Response Body: {
    "PortfolioResponse": {
        "AccountPortfolio": [
            {
                "Position": [
                    {
                        "Product": {
                            "expiryDay": 0,
                            "expiryMonth": 0,
                            "expiryYear": 0,
                            "productId": {
                                "symbol": "BR"
                            },
                            "securityType": "EQ",
                            "strikePrice": 0,
                            "symbol": "BR"
                        },
                        "Quick": {
                            "change": -0.28,
                            "changePct": -1.3346,
                            "lastTrade": 20.7,
                            "lastTradeTime": 1343160240,
                            "volume": 431591
                        },
                        "commissions": 0,
                        "costPerShare": 0,
                        "dateAcquired": -57600000,
                        "daysGain": -2.7999,
                        "daysGainPct": -1.3346,
                        "lotsDetails": "https://apisb.etrade.com/v1/accounts/E5Nd4LJBsEi_UyHm4Vio9g/portfolio/27005131",
                        "marketValue": 207,
                        "otherFees": 0,
                        "pctOfPortfolio": 0.0018,
                        "positionId": 27005131,
                        "positionIndicator": "TYPE2",
                        "positionType": "LONG",
                        "pricePaid": 0,
                        "quantity": 10,
                        "quoteDetails": "https://apisb.etrade.com/v1/market/quote/BR",
                        "symbolDescription": "BR",
                        "todayCommissions": 0,
                        "todayFees": 0,
                        "todayPricePaid": 0,
                        "todayQuantity": 0,
                        "totalCost": 0,
                        "totalGain": 207,
                        "totalGainPct": 0
                    },
                    {
                        "Product": {
                            "expiryDay": 0,
                            "expiryMonth": 0,
                            "expiryYear": 0,
                            "productId": {
                                "symbol": "GLD"
                            },
                            "securityType": "EQ",
                            "strikePrice": 0,
                            "symbol": "GLD"
                        },
                        "Quick": {
                            "change": 0.49,
                            "changePct": 0.3201,
                            "lastTrade": 153.52,
                            "lastTradeTime": 1343160000,
                            "volume": 6510878
                        },
                        "commissions": 5,
                        "costPerShare": 3.5,
                        "dateAcquired": 1335250800000,
                        "daysGain": 0.9799,
                        "daysGainPct": 0.3201,
                        "lotsDetails": "https://apisb.etrade.com/v1/accounts/E5Nd4LJBsEi_UyHm4Vio9g/portfolio/4709131",
                        "marketValue": 307.04,
                        "otherFees": 0,
                        "pctOfPortfolio": 0.0028,
                        "positionId": 4709131,
                        "positionIndicator": "TYPE1",
                        "positionType": "LONG",
                        "pricePaid": 1,
                        "quantity": 2,
                        "quoteDetails": "https://apisb.etrade.com/v1/market/quote/GLD",
                        "symbolDescription": "GLD",
                        "todayCommissions": 0,
                        "todayFees": 0,
                        "todayPricePaid": 0,
                        "todayQuantity": 0,
                        "totalCost": 7,
                        "totalGain": 300.04,
                        "totalGainPct": 4286.2857
                    },
                    {
                        "Product": {
                            "expiryDay": 0,
                            "expiryMonth": 0,
                            "expiryYear": 0,
                            "productId": {
                                "symbol": "MSFT"
                            },
                            "securityType": "EQ",
                            "strikePrice": 0,
                            "symbol": "MSFT"
                        },
                        "Quick": {
                            "change": -0.13,
                            "changePct": -0.4439,
                            "lastTrade": 29.15,
                            "lastTradeTime": 1343160000,
                            "volume": 47711254
                        },
                        "commissions": 5,
                        "costPerShare": 6,
                        "dateAcquired": 1335250800000,
                        "daysGain": -0.13,
                        "daysGainPct": -0.4439,
                        "lotsDetails": "https://apisb.etrade.com/v1/accounts/E5Nd4LJBsEi_UyHm4Vio9g/portfolio/4729131",
                        "marketValue": 29.1499,
                        "otherFees": 0,
                        "pctOfPortfolio": 0.0002,
                        "positionId": 4729131,
                        "positionIndicator": "TYPE2",
                        "positionType": "LONG",
                        "pricePaid": 1,
                        "quantity": 1,
                        "quoteDetails": "https://apisb.etrade.com/v1/market/quote/MSFT",
                        "symbolDescription": "MSFT",
                        "todayCommissions": 0,
                        "todayFees": 0,
                        "todayPricePaid": 0,
                        "todayQuantity": 0,
                        "totalCost": 6,
                        "totalGain": 23.1499,
                        "totalGainPct": 385.8333
                    },
                    {
                        "Product": {
                            "expiryDay": 0,
                            "expiryMonth": 0,
                            "expiryYear": 0,
                            "productId": {
                                "symbol": "MSFT"
                            },
                            "securityType": "EQ",
                            "strikePrice": 0,
                            "symbol": "MSFT"
                        },
                        "Quick": {
                            "change": -0.13,
                            "changePct": -0.4439,
                            "lastTrade": 29.15,
                            "lastTradeTime": 1343160000,
                            "volume": 47711254
                        },
                        "commissions": 0,
                        "costPerShare": 0,
                        "dateAcquired": -57600000,
                        "daysGain": 1.3,
                        "daysGainPct": -0.4439,
                        "lotsDetails": "https://apisb.etrade.com/v1/accounts/E5Nd4LJBsEi_UyHm4Vio9g/portfolio/23971131",
                        "marketValue": -291.5,
                        "otherFees": 0,
                        "pctOfPortfolio": -0.0026,
                        "positionId": 23971131,
                        "positionIndicator": "TYPE5",
                        "positionType": "SHORT",
                        "pricePaid": 0,
                        "quantity": -10,
                        "quoteDetails": "https://apisb.etrade.com/v1/market/quote/MSFT",
                        "symbolDescription": "MSFT",
                        "todayCommissions": 0,
                        "todayFees": 0,
                        "todayPricePaid": 0,
                        "todayQuantity": 0,
                        "totalCost": 0,
                        "totalGain": -291.5,
                        "totalGainPct": 0
                    },
                    {
                        "Product": {
                            "expiryDay": 0,
                            "expiryMonth": 0,
                            "expiryYear": 0,
                            "productId": {
                                "symbol": "RBL"
                            },
                            "securityType": "EQ",
                            "strikePrice": 0,
                            "symbol": "RBL"
                        },
                        "Quick": {
                            "change": -0.26,
                            "changePct": -1.0252,
                            "lastTrade": 25.1,
                            "lastTradeTime": 1343159760,
                            "volume": 11827
                        },
                        "commissions": 5,
                        "costPerShare": 3.5,
                        "dateAcquired": 1335250800000,
                        "daysGain": -0.52,
                        "daysGainPct": -1.0252,
                        "lotsDetails": "https://apisb.etrade.com/v1/accounts/E5Nd4LJBsEi_UyHm4Vio9g/portfolio/4725131",
                        "marketValue": 50.2,
                        "otherFees": 0,
                        "pctOfPortfolio": 0.0004,
                        "positionId": 4725131,
                        "positionIndicator": "TYPE2",
                        "positionType": "LONG",
                        "pricePaid": 1,
                        "quantity": 2,
                        "quoteDetails": "https://apisb.etrade.com/v1/market/quote/RBL",
                        "symbolDescription": "RBL",
                        "todayCommissions": 0,
                        "todayFees": 0,
                        "todayPricePaid": 0,
                        "todayQuantity": 0,
                        "totalCost": 7,
                        "totalGain": 43.2,
                        "totalGainPct": 617.1428
                    },
                    {
                        "Product": {
                            "expiryDay": 0,
                            "expiryMonth": 0,
                            "expiryYear": 0,
                            "productId": {
                                "symbol": "RPI"
                            },
                            "securityType": "EQ",
                            "strikePrice": 0,
                            "symbol": "RPI"
                        },
                        "Quick": {
                            "change": 0,
                            "changePct": 0,
                            "lastTrade": 1.43,
                            "lastTradeTime": 1343150700,
                            "volume": 1803
                        },
                        "commissions": 5,
                        "costPerShare": 32.56,
                        "dateAcquired": 1335250800000,
                        "daysGain": 0,
                        "daysGainPct": 0,
                        "lotsDetails": "https://apisb.etrade.com/v1/accounts/E5Nd4LJBsEi_UyHm4Vio9g/portfolio/20841131",
                        "marketValue": 2.8599,
                        "otherFees": 45,
                        "pctOfPortfolio": 0.0,
                        "positionId": 20841131,
                        "positionIndicator": "TYPE2",
                        "positionType": "LONG",
                        "pricePaid": 7.5599,
                        "quantity": 2,
                        "quoteDetails": "https://apisb.etrade.com/v1/market/quote/RPI",
                        "symbolDescription": "RPI",
                        "todayCommissions": 0,
                        "todayFees": 0,
                        "todayPricePaid": 0,
                        "todayQuantity": 0,
                        "totalCost": 65.12,
                        "totalGain": -62.2599,
                        "totalGainPct": -95.6081
                    },
                    {
                        "Product": {
                            "expiryDay": 0,
                            "expiryMonth": 0,
                            "expiryYear": 0,
                            "productId": {
                                "symbol": "RXD"
                            },
                            "securityType": "EQ",
                            "strikePrice": 0,
                            "symbol": "RXD"
                        },
                        "Quick": {
                            "change": 0.432,
                            "changePct": 2.6799,
                            "lastTrade": 16.552,
                            "lastTradeTime": 1343157480,
                            "volume": 2200
                        },
                        "commissions": 2.99,
                        "costPerShare": 0,
                        "dateAcquired": 1335250800000,
                        "daysGain": -1.296,
                        "daysGainPct": 2.6799,
                        "lotsDetails": "https://apisb.etrade.com/v1/accounts/E5Nd4LJBsEi_UyHm4Vio9g/portfolio/4732131",
                        "marketValue": -49.6559,
                        "otherFees": 0.0099,
                        "pctOfPortfolio": -0.0004,
                        "positionId": 4732131,
                        "positionIndicator": "TYPE5",
                        "positionType": "SHORT",
                        "pricePaid": 1,
                        "quantity": -3,
                        "quoteDetails": "https://apisb.etrade.com/v1/market/quote/RXD",
                        "symbolDescription": "RXD",
                        "todayCommissions": 0,
                        "todayFees": 0,
                        "todayPricePaid": 0,
                        "todayQuantity": 0,
                        "totalCost": 0,
                        "totalGain": -49.6559,
                        "totalGainPct": -827.6
                    }
                ],
                "accountId": "833597000",
                "totalPages": 1
            }
        ]
    }
}
03/04/2024 08:39:17 PM Request Header: {'User-Agent': 'python-requests/2.31.0', 'Accept-Encoding': 'gzip, deflate', 'Accept': '*/*', 'Connection': 'keep-alive', 'Authorization': 'OAuth realm="",oauth_consumer_key="79a22325849d55ab995c67d9b5df9684",oauth_nonce="9d16a1463e9eda54cbf2bb82f826eecfc25e1954",oauth_signature_method="HMAC-SHA1",oauth_timestamp="1709613557",oauth_token="H0%2BDDf07SriUCXmdxfHUSB%2FRdD0uNN6upZdlEleF9Rw%3D",oauth_version="1.0",oauth_signature="C2YTqyJqfgKEqJGpXziJ3jNjiug%3D"'}
03/04/2024 08:39:17 PM Request Header: {'User-Agent': 'python-requests/2.31.0', 'Accept-Encoding': 'gzip, deflate', 'Accept': '*/*', 'Connection': 'keep-alive', 'Authorization': 'OAuth realm="",oauth_consumer_key="79a22325849d55ab995c67d9b5df9684",oauth_nonce="9d16a1463e9eda54cbf2bb82f826eecfc25e1954",oauth_signature_method="HMAC-SHA1",oauth_timestamp="1709613557",oauth_token="H0%2BDDf07SriUCXmdxfHUSB%2FRdD0uNN6upZdlEleF9Rw%3D",oauth_version="1.0",oauth_signature="C2YTqyJqfgKEqJGpXziJ3jNjiug%3D"'}
03/04/2024 08:39:17 PM Request Header: {'User-Agent': 'python-requests/2.31.0', 'Accept-Encoding': 'gzip, deflate', 'Accept': '*/*', 'Connection': 'keep-alive', 'Authorization': 'OAuth realm="",oauth_consumer_key="79a22325849d55ab995c67d9b5df9684",oauth_nonce="9d16a1463e9eda54cbf2bb82f826eecfc25e1954",oauth_signature_method="HMAC-SHA1",oauth_timestamp="1709613557",oauth_token="H0%2BDDf07SriUCXmdxfHUSB%2FRdD0uNN6upZdlEleF9Rw%3D",oauth_version="1.0",oauth_signature="C2YTqyJqfgKEqJGpXziJ3jNjiug%3D"'}
03/04/2024 08:39:17 PM Request Header: {'User-Agent': 'python-requests/2.31.0', 'Accept-Encoding': 'gzip, deflate', 'Accept': '*/*', 'Connection': 'keep-alive', 'Authorization': 'OAuth realm="",oauth_consumer_key="79a22325849d55ab995c67d9b5df9684",oauth_nonce="9d16a1463e9eda54cbf2bb82f826eecfc25e1954",oauth_signature_method="HMAC-SHA1",oauth_timestamp="1709613557",oauth_token="H0%2BDDf07SriUCXmdxfHUSB%2FRdD0uNN6upZdlEleF9Rw%3D",oauth_version="1.0",oauth_signature="C2YTqyJqfgKEqJGpXziJ3jNjiug%3D"'}
03/04/2024 08:39:17 PM Response Body: {"Error":{"message":"oauth_problem=consumer_key_rejected,oauth_problem_advice=The oauth_consumer_key 79a22325849d55ab995c67d9b5df9684 can be used only in SANDBOX environment"}}
03/04/2024 08:39:17 PM Response Body: {"Error":{"message":"oauth_problem=consumer_key_rejected,oauth_problem_advice=The oauth_consumer_key 79a22325849d55ab995c67d9b5df9684 can be used only in SANDBOX environment"}}
03/04/2024 08:39:17 PM Response Body: {"Error":{"message":"oauth_problem=consumer_key_rejected,oauth_problem_advice=The oauth_consumer_key 79a22325849d55ab995c67d9b5df9684 can be used only in SANDBOX environment"}}
03/04/2024 08:39:17 PM Response Body: {"Error":{"message":"oauth_problem=consumer_key_rejected,oauth_problem_advice=The oauth_consumer_key 79a22325849d55ab995c67d9b5df9684 can be used only in SANDBOX environment"}}
03/04/2024 08:40:46 PM Request Header: {'User-Agent': 'python-requests/2.31.0', 'Accept-Encoding': 'gzip, deflate', 'Accept': '*/*', 'Connection': 'keep-alive'}
03/04/2024 08:40:46 PM Request Header: {'User-Agent': 'python-requests/2.31.0', 'Accept-Encoding': 'gzip, deflate', 'Accept': '*/*', 'Connection': 'keep-alive'}
03/04/2024 08:40:46 PM Request Header: {'User-Agent': 'python-requests/2.31.0', 'Accept-Encoding': 'gzip, deflate', 'Accept': '*/*', 'Connection': 'keep-alive'}
03/04/2024 08:40:46 PM Request Header: {'User-Agent': 'python-requests/2.31.0', 'Accept-Encoding': 'gzip, deflate', 'Accept': '*/*', 'Connection': 'keep-alive'}
03/04/2024 08:40:46 PM Response Body: <Response [401]>
03/04/2024 08:40:46 PM Response Body: <Response [401]>
03/04/2024 08:40:46 PM Response Body: <Response [401]>
03/04/2024 08:40:46 PM Response Body: <Response [401]>
03/04/2024 08:41:21 PM Request Header: {'User-Agent': 'python-requests/2.31.0', 'Accept-Encoding': 'gzip, deflate', 'Accept': '*/*', 'Connection': 'keep-alive'}
03/04/2024 08:41:21 PM Request Header: {'User-Agent': 'python-requests/2.31.0', 'Accept-Encoding': 'gzip, deflate', 'Accept': '*/*', 'Connection': 'keep-alive'}
03/04/2024 08:41:21 PM Request Header: {'User-Agent': 'python-requests/2.31.0', 'Accept-Encoding': 'gzip, deflate', 'Accept': '*/*', 'Connection': 'keep-alive'}
03/04/2024 08:41:21 PM Request Header: {'User-Agent': 'python-requests/2.31.0', 'Accept-Encoding': 'gzip, deflate', 'Accept': '*/*', 'Connection': 'keep-alive'}
03/04/2024 08:41:21 PM Response Body: <Response [401]>
03/04/2024 08:41:21 PM Response Body: <Response [401]>
03/04/2024 08:41:21 PM Response Body: <Response [401]>
03/04/2024 08:41:21 PM Response Body: <Response [401]>
03/04/2024 08:41:40 PM Request Header: {'User-Agent': 'python-requests/2.31.0', 'Accept-Encoding': 'gzip, deflate', 'Accept': '*/*', 'Connection': 'keep-alive'}
03/04/2024 08:41:40 PM Request Header: {'User-Agent': 'python-requests/2.31.0', 'Accept-Encoding': 'gzip, deflate', 'Accept': '*/*', 'Connection': 'keep-alive'}
03/04/2024 08:41:40 PM Request Header: {'User-Agent': 'python-requests/2.31.0', 'Accept-Encoding': 'gzip, deflate', 'Accept': '*/*', 'Connection': 'keep-alive'}
03/04/2024 08:41:40 PM Request Header: {'User-Agent': 'python-requests/2.31.0', 'Accept-Encoding': 'gzip, deflate', 'Accept': '*/*', 'Connection': 'keep-alive'}
03/04/2024 08:41:40 PM Response Body: {
    "QuoteResponse": {
        "QuoteData": [
            {
                "All": {
                    "adjustedFlag": false,
                    "ask": 579.73,
                    "askSize": 100,
                    "askTime": "16:00:00 EDT 06-20-2012",
                    "averageVolume": 13896435,
                    "beta": 0.93,
                    "bid": 574.04,
                    "bidExchange": "",
                    "bidSize": 100,
                    "bidTime": "16:00:00 EDT 06-20-2012",
                    "cashDeliverable": 0,
                    "changeClose": 0.0,
                    "changeClosePercentage": 0.0,
                    "companyName": "GOOGLE INC CL A",
                    "contractSize": 0.0,
                    "daysToExpiration": 0,
                    "declaredDividend": 0.0,
                    "dirLast": "1",
                    "dividend": 0.0,
                    "dividendPayableDate": 0,
                    "eps": 32.99727,
                    "estEarnings": 43.448,
                    "exDividendDate": 1344947183,
                    "expirationDate": 0,
                    "high": 0.0,
                    "high52": 670.25,
                    "intrinsicValue": 0.0,
                    "lastTrade": 577.51,
                    "low": 0.0,
                    "low52": 473.02,
                    "marketCap": 188282697750.0,
                    "nextEarningDate": "",
                    "open": 0.0,
                    "openInterest": 0,
                    "optionMultiplier": 0.0,
                    "optionStyle": "",
                    "pe": 17.5017,
                    "previousClose": 577.51,
                    "previousDayVolume": 2433786,
                    "primaryExchange": "NASDAQ NM",
                    "sharesOutstanding": 326025,
                    "symbolDescription": "GOOGLE INC CL A",
                    "timeOfLastTrade": 1341334800,
                    "timePremium": 0.0,
                    "totalVolume": 0,
                    "upc": 0,
                    "week52HiDate": 1325673870,
                    "week52LowDate": 1308908670,
                    "yield": 0.0
                },
                "Product": {
                    "securityType": "EQ",
                    "symbol": "GOOG"
                },
                "ahFlag": "false",
                "dateTime": "16:00:00 EDT 06-20-2012",
                "dateTimeUTC": 1340222400,
                "quoteStatus": "REALTIME"
            }
        ]
    }
}
03/04/2024 08:41:40 PM Response Body: {
    "QuoteResponse": {
        "QuoteData": [
            {
                "All": {
                    "adjustedFlag": false,
                    "ask": 579.73,
                    "askSize": 100,
                    "askTime": "16:00:00 EDT 06-20-2012",
                    "averageVolume": 13896435,
                    "beta": 0.93,
                    "bid": 574.04,
                    "bidExchange": "",
                    "bidSize": 100,
                    "bidTime": "16:00:00 EDT 06-20-2012",
                    "cashDeliverable": 0,
                    "changeClose": 0.0,
                    "changeClosePercentage": 0.0,
                    "companyName": "GOOGLE INC CL A",
                    "contractSize": 0.0,
                    "daysToExpiration": 0,
                    "declaredDividend": 0.0,
                    "dirLast": "1",
                    "dividend": 0.0,
                    "dividendPayableDate": 0,
                    "eps": 32.99727,
                    "estEarnings": 43.448,
                    "exDividendDate": 1344947183,
                    "expirationDate": 0,
                    "high": 0.0,
                    "high52": 670.25,
                    "intrinsicValue": 0.0,
                    "lastTrade": 577.51,
                    "low": 0.0,
                    "low52": 473.02,
                    "marketCap": 188282697750.0,
                    "nextEarningDate": "",
                    "open": 0.0,
                    "openInterest": 0,
                    "optionMultiplier": 0.0,
                    "optionStyle": "",
                    "pe": 17.5017,
                    "previousClose": 577.51,
                    "previousDayVolume": 2433786,
                    "primaryExchange": "NASDAQ NM",
                    "sharesOutstanding": 326025,
                    "symbolDescription": "GOOGLE INC CL A",
                    "timeOfLastTrade": 1341334800,
                    "timePremium": 0.0,
                    "totalVolume": 0,
                    "upc": 0,
                    "week52HiDate": 1325673870,
                    "week52LowDate": 1308908670,
                    "yield": 0.0
                },
                "Product": {
                    "securityType": "EQ",
                    "symbol": "GOOG"
                },
                "ahFlag": "false",
                "dateTime": "16:00:00 EDT 06-20-2012",
                "dateTimeUTC": 1340222400,
                "quoteStatus": "REALTIME"
            }
        ]
    }
}
03/04/2024 08:41:40 PM Response Body: {
    "QuoteResponse": {
        "QuoteData": [
            {
                "All": {
                    "adjustedFlag": false,
                    "ask": 579.73,
                    "askSize": 100,
                    "askTime": "16:00:00 EDT 06-20-2012",
                    "averageVolume": 13896435,
                    "beta": 0.93,
                    "bid": 574.04,
                    "bidExchange": "",
                    "bidSize": 100,
                    "bidTime": "16:00:00 EDT 06-20-2012",
                    "cashDeliverable": 0,
                    "changeClose": 0.0,
                    "changeClosePercentage": 0.0,
                    "companyName": "GOOGLE INC CL A",
                    "contractSize": 0.0,
                    "daysToExpiration": 0,
                    "declaredDividend": 0.0,
                    "dirLast": "1",
                    "dividend": 0.0,
                    "dividendPayableDate": 0,
                    "eps": 32.99727,
                    "estEarnings": 43.448,
                    "exDividendDate": 1344947183,
                    "expirationDate": 0,
                    "high": 0.0,
                    "high52": 670.25,
                    "intrinsicValue": 0.0,
                    "lastTrade": 577.51,
                    "low": 0.0,
                    "low52": 473.02,
                    "marketCap": 188282697750.0,
                    "nextEarningDate": "",
                    "open": 0.0,
                    "openInterest": 0,
                    "optionMultiplier": 0.0,
                    "optionStyle": "",
                    "pe": 17.5017,
                    "previousClose": 577.51,
                    "previousDayVolume": 2433786,
                    "primaryExchange": "NASDAQ NM",
                    "sharesOutstanding": 326025,
                    "symbolDescription": "GOOGLE INC CL A",
                    "timeOfLastTrade": 1341334800,
                    "timePremium": 0.0,
                    "totalVolume": 0,
                    "upc": 0,
                    "week52HiDate": 1325673870,
                    "week52LowDate": 1308908670,
                    "yield": 0.0
                },
                "Product": {
                    "securityType": "EQ",
                    "symbol": "GOOG"
                },
                "ahFlag": "false",
                "dateTime": "16:00:00 EDT 06-20-2012",
                "dateTimeUTC": 1340222400,
                "quoteStatus": "REALTIME"
            }
        ]
    }
}
03/04/2024 08:41:40 PM Response Body: {
    "QuoteResponse": {
        "QuoteData": [
            {
                "All": {
                    "adjustedFlag": false,
                    "ask": 579.73,
                    "askSize": 100,
                    "askTime": "16:00:00 EDT 06-20-2012",
                    "averageVolume": 13896435,
                    "beta": 0.93,
                    "bid": 574.04,
                    "bidExchange": "",
                    "bidSize": 100,
                    "bidTime": "16:00:00 EDT 06-20-2012",
                    "cashDeliverable": 0,
                    "changeClose": 0.0,
                    "changeClosePercentage": 0.0,
                    "companyName": "GOOGLE INC CL A",
                    "contractSize": 0.0,
                    "daysToExpiration": 0,
                    "declaredDividend": 0.0,
                    "dirLast": "1",
                    "dividend": 0.0,
                    "dividendPayableDate": 0,
                    "eps": 32.99727,
                    "estEarnings": 43.448,
                    "exDividendDate": 1344947183,
                    "expirationDate": 0,
                    "high": 0.0,
                    "high52": 670.25,
                    "intrinsicValue": 0.0,
                    "lastTrade": 577.51,
                    "low": 0.0,
                    "low52": 473.02,
                    "marketCap": 188282697750.0,
                    "nextEarningDate": "",
                    "open": 0.0,
                    "openInterest": 0,
                    "optionMultiplier": 0.0,
                    "optionStyle": "",
                    "pe": 17.5017,
                    "previousClose": 577.51,
                    "previousDayVolume": 2433786,
                    "primaryExchange": "NASDAQ NM",
                    "sharesOutstanding": 326025,
                    "symbolDescription": "GOOGLE INC CL A",
                    "timeOfLastTrade": 1341334800,
                    "timePremium": 0.0,
                    "totalVolume": 0,
                    "upc": 0,
                    "week52HiDate": 1325673870,
                    "week52LowDate": 1308908670,
                    "yield": 0.0
                },
                "Product": {
                    "securityType": "EQ",
                    "symbol": "GOOG"
                },
                "ahFlag": "false",
                "dateTime": "16:00:00 EDT 06-20-2012",
                "dateTimeUTC": 1340222400,
                "quoteStatus": "REALTIME"
            }
        ]
    }
}
